// Jest Snapshot v1, https://goo.gl/fbAQLP

exports[`renders correctly 1`] = `
<View
  onLayout={[Function]}
  style={
    Array [
      Object {
        "alignItems": "center",
        "backgroundColor": "#bcf",
        "flex": 1,
        "justifyContent": "space-around",
      },
      Object {
        "paddingBottom": 0,
      },
    ]
  }
>
  <View
    style={
      Object {
        "flexDirection": "row",
      }
    }
  >
    <View
      accessibilityIgnoresInvertColors={true}
      style={
        Object {
          "backgroundColor": "transparent",
          "position": "relative",
        }
      }
    >
      <Image
        onLoad={[Function]}
        source={
          Object {
            "testUri": "../../../src/imgs/logo.jpeg",
          }
        }
        style={
          Array [
            Object {
              "bottom": 0,
              "left": 0,
              "position": "absolute",
              "right": 0,
              "top": 0,
            },
            Object {
              "height": 100,
              "width": 300,
            },
          ]
        }
        testID="RNE__Image"
        theme={
          Object {
            "colors": Object {
              "disabled": "hsl(208, 8%, 90%)",
              "divider": "#bcbbc1",
              "error": "#ff190c",
              "grey0": "#393e42",
              "grey1": "#43484d",
              "grey2": "#5e6977",
              "grey3": "#86939e",
              "grey4": "#bdc6cf",
              "grey5": "#e1e8ee",
              "greyOutline": "#bbb",
              "platform": Object {
                "android": Object {
                  "error": "#f44336",
                  "primary": "#2196f3",
                  "secondary": "#9C27B0",
                  "success": "#4caf50",
                  "warning": "#ffeb3b",
                },
                "ios": Object {
                  "error": "#ff3b30",
                  "primary": "#007aff",
                  "secondary": "#5856d6",
                  "success": "#4cd964",
                  "warning": "#ffcc00",
                },
              },
              "primary": "#2089dc",
              "searchBg": "#303337",
              "secondary": "#8F0CE8",
              "success": "#52c41a",
              "warning": "#faad14",
            },
          }
        }
      />
      <View
        accessibilityElementsHidden={true}
        importantForAccessibility="no-hide-descendants"
        pointerEvents="none"
        style={
          Object {
            "bottom": 0,
            "left": 0,
            "opacity": 1,
            "position": "absolute",
            "right": 0,
            "top": 0,
          }
        }
      >
        <View
          style={
            Object {
              "alignItems": "center",
              "backgroundColor": "#bdbdbd",
              "height": 100,
              "justifyContent": "center",
              "resizeMode": "contain",
              "width": 300,
            }
          }
          testID="RNE__Image__placeholder"
        >
          <ActivityIndicator
            animating={true}
            color="#999999"
            hidesWhenStopped={true}
            size="small"
          />
        </View>
      </View>
      <View
        style={
          Object {
            "height": 100,
            "resizeMode": "contain",
            "width": 300,
          }
        }
      />
    </View>
  </View>
  <View
    style={
      Object {
        "flexDirection": "column",
      }
    }
  >
    <TextInput
      allowFontScaling={true}
      autoCapitalize="none"
      autoCorrect={false}
      onChangeText={[Function]}
      placeholder="CPF"
      placeholderTextColor="#aaa"
      rejectResponderTermination={true}
      style={
        Object {
          "backgroundColor": "#fff",
          "height": 40,
          "marginVertical": 5,
          "padding": 10,
          "width": 300,
        }
      }
      underlineColorAndroid="transparent"
    />
    <TextInput
      allowFontScaling={true}
      autoCapitalize="none"
      autoCorrect={false}
      onChangeText={[Function]}
      placeholder="Senha"
      placeholderTextColor="#aaa"
      rejectResponderTermination={true}
      secureTextEntry={true}
      style={
        Object {
          "backgroundColor": "#fff",
          "height": 40,
          "marginVertical": 5,
          "padding": 10,
          "width": 300,
        }
      }
      underlineColorAndroid="transparent"
    />
    <View
      accessible={true}
      focusable={true}
      isTVSelectable={true}
      onClick={[Function]}
      onResponderGrant={[Function]}
      onResponderMove={[Function]}
      onResponderRelease={[Function]}
      onResponderTerminate={[Function]}
      onResponderTerminationRequest={[Function]}
      onStartShouldSetResponder={[Function]}
      style={
        Object {
          "alignItems": "center",
          "alignSelf": "flex-end",
          "backgroundColor": "#fff",
          "borderColor": "#ededed",
          "borderRadius": 100,
          "borderWidth": 1,
          "height": 40,
          "justifyContent": "center",
          "margin": 5,
          "marginHorizontal": 10,
          "marginLeft": 10,
          "marginRight": 10,
          "marginTop": 0,
          "opacity": 1,
          "padding": 10,
          "paddingHorizontal": 10,
          "width": 140,
        }
      }
      testID="checkbox"
    >
      <View
        style={
          Object {
            "alignItems": "center",
            "flexDirection": "row",
            "justifyContent": "center",
          }
        }
      >
        <Text
          style={
            Object {
              "color": "#000",
              "fontSize": 12,
              "fontWeight": "bold",
            }
          }
        >
          Lembrar a senha
        </Text>
        <View>
          <View
            style={
              Object {
                "alignItems": "center",
                "backgroundColor": "transparent",
                "justifyContent": "center",
              }
            }
            theme={
              Object {
                "colors": Object {
                  "disabled": "hsl(208, 8%, 90%)",
                  "divider": "#bcbbc1",
                  "error": "#ff190c",
                  "grey0": "#393e42",
                  "grey1": "#43484d",
                  "grey2": "#5e6977",
                  "grey3": "#86939e",
                  "grey4": "#bdc6cf",
                  "grey5": "#e1e8ee",
                  "greyOutline": "#bbb",
                  "platform": Object {
                    "android": Object {
                      "error": "#f44336",
                      "primary": "#2196f3",
                      "secondary": "#9C27B0",
                      "success": "#4caf50",
                      "warning": "#ffeb3b",
                    },
                    "ios": Object {
                      "error": "#ff3b30",
                      "primary": "#007aff",
                      "secondary": "#5856d6",
                      "success": "#4cd964",
                      "warning": "#ffcc00",
                    },
                  },
                  "primary": "#2089dc",
                  "searchBg": "#303337",
                  "secondary": "#8F0CE8",
                  "success": "#52c41a",
                  "warning": "#faad14",
                },
              }
            }
            underlayColor="white"
          >
            <Text
              allowFontScaling={false}
              style={
                Array [
                  Object {
                    "color": "#f00",
                    "fontSize": 24,
                  },
                  Object {
                    "backgroundColor": "transparent",
                  },
                  Object {
                    "fontFamily": "Material Icons",
                    "fontStyle": "normal",
                    "fontWeight": "normal",
                  },
                  Object {},
                ]
              }
              testID="iconIcon"
            >
              î……
            </Text>
          </View>
        </View>
      </View>
    </View>
  </View>
  <View
    style={
      Object {
        "flexDirection": "row",
      }
    }
  >
    <View
      accessible={true}
      focusable={true}
      isTVSelectable={true}
      onClick={[Function]}
      onResponderGrant={[Function]}
      onResponderMove={[Function]}
      onResponderRelease={[Function]}
      onResponderTerminate={[Function]}
      onResponderTerminationRequest={[Function]}
      onStartShouldSetResponder={[Function]}
      style={
        Object {
          "alignItems": "center",
          "alignSelf": "stretch",
          "backgroundColor": "#fff",
          "borderRadius": 100,
          "height": 40,
          "justifyContent": "center",
          "marginHorizontal": 10,
          "marginTop": 0,
          "opacity": 1,
          "paddingHorizontal": 10,
          "width": 140,
        }
      }
    >
      <Text
        style={
          Object {
            "color": "#000",
            "fontSize": 12,
            "fontWeight": "bold",
          }
        }
      >
        Esqueci a senha
      </Text>
    </View>
    <View
      accessible={true}
      focusable={true}
      isTVSelectable={true}
      onClick={[Function]}
      onResponderGrant={[Function]}
      onResponderMove={[Function]}
      onResponderRelease={[Function]}
      onResponderTerminate={[Function]}
      onResponderTerminationRequest={[Function]}
      onStartShouldSetResponder={[Function]}
      style={
        Object {
          "alignItems": "center",
          "alignSelf": "stretch",
          "backgroundColor": "#fff",
          "borderRadius": 100,
          "height": 40,
          "justifyContent": "center",
          "marginHorizontal": 10,
          "marginTop": 0,
          "opacity": 1,
          "paddingHorizontal": 10,
          "width": 140,
        }
      }
    >
      <Text
        style={
          Object {
            "color": "#000",
            "fontSize": 12,
            "fontWeight": "bold",
          }
        }
      >
        Login
      </Text>
    </View>
  </View>
</View>
`;
